[0m
> sideline-scout-deep · nvidia/nemotron-3-ultra-550b-a55b:free
[0m
[0m✱ [0mGlob "**/*"[90m 100 matches[0m
[0m✱ [0mGlob "src/**/*"[90m 100 matches[0m
[0m→ [0mRead src/control-plane/pairing.ts
[0m→ [0mRead src/control-plane/remote-bootstrap.ts
[0m→ [0mRead src/control-plane/relay-client.ts
[0m→ [0mRead src/control-plane/device-registry.ts
[0m→ [0mRead src/public/pair.html
[0m→ [0mRead src/extension.ts
[0m→ [0mRead src/control-plane/launcher.ts
[0m→ [0mRead src/control-plane/daemon.ts
[0m→ [0mRead src/control-plane/host-identity.ts
[0m→ [0mRead src/control-plane/install-identity.ts
[0m→ [0mRead src/control-plane/daemon.ts[90m [offset=1000][0m
[0m→ [0mRead src/control-plane/remote-dispatch.ts
[0m→ [0mRead src/stadium-client.ts
[0m✱ [0mGrep "Send to Phone"[90m 100 matches[0m
[0m✱ [0mGrep "remoteAccess"[90m 100 matches[0m
[0m✱ [0mGrep "pairing/create"[90m 96 matches[0m
[0m→ [0mRead relay/reference-relay.ts
[0m→ [0mRead relay/index.ts
