[0m
> sideline-scout-quick · cohere/north-mini-code:free
[0m
[0m→ [0mRead .
[0m✱ [0mGlob "**/*"[90m 100 matches[0m
[0m✱ [0mGlob "**/*SOP*.md"[90m 8 matches[0m
[0m✱ [0mGlob "**/*SCOUT*.md"[90m 100 matches[0m
[0m✱ [0mGlob "**/*ROASTER*.md"[90m 0 matches[0m
[0m→ [0mRead Project SOP/Scout SOP and ROASTER/Sideline-Coach-Free-Scout-Selection-and-Invocation-SOP.md
[0m→ [0mRead Project SOP/SCOUT.md
[0m→ [0mRead out/routing-policy.js
[0m→ [0mRead out/scout-player.js
[0m→ [0mRead out/scout-play.js
[0m→ [0mRead out/scout-player-contract.js
[0m→ [0mRead out/scout-formation.js
[0m→ [0mRead out/play-analyzer.js
[0m→ [0mRead out/control-plane/context-affinity.js
[0m→ [0mRead out/control-plane/smart-route-resolver.js
[0m→ [0mRead out/scout-bootstrap.js
[0m→ [0mRead package.json
[0m→ [0mRead tools/scouts/run-scout-play.mjs
[0m✱ [0mGlob "**/*.ts"[90m 100 matches[0m
[0m→ [0mRead src/control-plane/router.ts
[0m→ [0mRead src/routing-policy.ts
[0m→ [0mRead src/control-plane/route-constraints.ts[90m [limit=400][0m
[0m→ [0mRead src/control-plane/route-normalization.ts
[0m→ [0mRead src/control-plane/scout-continuation.ts[90m [limit=400][0m
[0m→ [0mRead src/capability-types.ts
