[0m
> sideline-scout-deep · nvidia/nemotron-3-ultra-550b-a55b:free
[0m
[0m✱ [0mGlob "**/*"[90m 100 matches[0m
[0m✱ [0mGlob "src/**/*"[90m 82 matches[0m
[0m✱ [0mGlob "**/*test*"[90m 100 matches[0m
[0m→ [0mRead test/remote-access-v1-stage1.test.mjs
[0m→ [0mRead src/control-plane/remote-routes.ts
[0m→ [0mRead src/control-plane/request-security.ts
[0m→ [0mRead src/remote-redaction.ts
[0m→ [0mRead src/control-plane/daemon.ts
[0m→ [0mRead src/player-activity.ts
[0m→ [0mRead test/live-player-terminal-v02-transport.test.mjs
[0m→ [0mRead src/control-plane/daemon.ts[90m [offset=1200][0m
[0m✱ [0mGlob "**/Scout*SO*.md"[90m 0 matches[0m
[0m✱ [0mGlob "**/*SOP*.md"[90m 8 matches[0m
[0m✱ [0mGlob "**/*ROASTER*.md"[90m 0 matches[0m
[0m✱ [0mGrep "scout.*sop|ROASTER"[90m 16 matches[0m
[0m→ [0mRead Project SOP/Scout SOP and ROASTER/Sideline-Coach-Free-Scout-Selection-and-Invocation-SOP.md
[0m→ [0mRead src/running-players.ts
[0m→ [0mRead src/control-plane/router.ts
[0m→ [0mRead test/dev-harness.test.mjs
[0m→ [0mRead test/live-player-console-first-down.test.mjs
[0m✱ [0mGrep "remote-redaction|redactForPrincipal|REGEX_INPUT_CAP|8_000"[90m 19 matches[0m
[0m✱ [0mGrep "X-Sideline-Action|requestOriginMatchesHost|csrf|CSRF"[90m 5 matches[0m
[0m✱ [0mGrep "remote-mutate"[90m 1 match[0m
[0m✱ [0mGlob "test/*redaction*"[90m 0 matches[0m
[0m✱ [0mGrep "remoteSensitiveTerminalOutput|Show sensitive terminal"[90m 8 matches[0m
