[0m
> sideline-scout-deep · nvidia/nemotron-3-ultra-550b-a55b:free
[0m
[0m✱ [0mGlob "**/*"[90m 100 matches[0m
[0m✱ [0mGlob "src/**/*"[90m 100 matches[0m
[0m→ [0mRead src/routing-policy.ts
[0m→ [0mRead src/control-plane/router.ts
[0m→ [0mRead src/control-plane/routing-economics.ts
[0m→ [0mRead src/control-plane/resource-policy.ts
[0m→ [0mRead src/routing-policy.ts[90m [offset=1030][0m
[0m✱ [0mGrep "CONSERVE|conserve"[90m in src · 62 matches[0m
[0m→ [0mRead src/control-plane/daemon.ts[90m [limit=100, offset=2960][0m
[0m→ [0mRead src/routing-intel/recommend.ts
[0m→ [0mRead src/control-plane/daemon.ts[90m [limit=150, offset=4990][0m
[0m→ [0mRead src/control-plane/route-constraints.ts[90m [offset=500, limit=150][0m
[0m→ [0mRead src/capability-types.ts
[0m✱ [0mGrep "routingPosture|routing_posture"[90m in src · 6 matches[0m
[0m→ [0mRead src/control-plane/smart-route-resolver.ts
[0m→ [0mRead src/control-plane/route-normalization.ts
[0m→ [0mRead src/control-plane/health-authority.ts
[91m[1mError: [0mRate limit exceeded: free-models-per-min.
